LINESTRING(30 10,40 40,20 40,10 20,30 10)
LINESTRING(1 2,3 4,5 6,1 2)
LINESTRING(1 1,3 1,3 3,1 3,1 1)
LINESTRING(0 0,0 1,1 1,1 0,0 0)
LINESTRING(0 0,2 0,2 2,0 2,0 0)
LINESTRING EMPTY
