POINT (30 10)
POINT (25.454545454545453 26.969696969696972)
POINT (3 4)
POINT (2 2)
POINT (1.538780967665594 2.2494902079215424)
POINT (0 1)
POINT (77.32377831543887 29.204726526731157)
POINT (5.083333333333333 5.083333333333333)
POINT (0.5 0.8)
POINT (0.5 1)
POINT (4.781865808234493 42.772060944162334)
POINT (25.58479532163743 21.666666666666668)
POINT (1 8)
POINT (2 2.5)
POINT (3 4)
POINT (1.2928932188134525 2.085786437626905)
POINT (1.3924796282304948 2.0445363962183265)
POINT (1.3591354766548733 6.07740642996462)
POINT (1.4180196097281441 6.827921561087423)
POINT (2 2.5)
POINT (1.5 1.5)
POINT (2 1.5555555555555556)
POINT (1.3333333333333333 2.6666666666666665)
POINT (-0.0476190476190476 0.9523809523809524)
POINT (0.2962962962962963 1.074074074074074)
