b'\x00\x00\x00\x00\x01@>\x00\x00\x00\x00\x00\x00@$\x00\x00\x00\x00\x00\x00'
b'\x00\x00\x00\x00\x03\x00\x00\x00\x01\x00\x00\x00\x05@>\x00\x00\x00\x00\x00\x00@$\x00\x00\x00\x00\x00\x00@$\x00\x00\x00\x00\x00\x00@4\x00\x00\x00\x00\x00\x00@4\x00\x00\x00\x00\x00\x00@D\x00\x00\x00\x00\x00\x00@D\x00\x00\x00\x00\x00\x00@D\x00\x00\x00\x00\x00\x00@>\x00\x00\x00\x00\x00\x00@$\x00\x00\x00\x00\x00\x00'
b'\x00\x00\x00\x00\x02\x00\x00\x00\x02?\xf0\x00\x00\x00\x00\x00\x00@\x00\x00\x00\x00\x00\x00\x00@\x14\x00\x00\x00\x00\x00\x00@\x18\x00\x00\x00\x00\x00\x00'
b'\x00\x00\x00\x00\x03\x00\x00\x00\x01\x00\x00\x00\x05?\xf0\x00\x00\x00\x00\x00\x00?\xf0\x00\x00\x00\x00\x00\x00?\xf0\x00\x00\x00\x00\x00\x00@\x08\x00\x00\x00\x00\x00\x00@\x08\x00\x00\x00\x00\x00\x00@\x08\x00\x00\x00\x00\x00\x00@\x08\x00\x00\x00\x00\x00\x00?\xf0\x00\x00\x00\x00\x00\x00?\xf0\x00\x00\x00\x00\x00\x00?\xf0\x00\x00\x00\x00\x00\x00'
b'\x00\x00\x00\x00\x03\x00\x00\x00\x01\x00\x00\x00\x05?\xf0\x00\x00\x00\x00\x00\x00?\xf0\x00\x00\x00\x00\x00\x00?\xf0\x00\x00\x00\x00\x00\x00@\x08\x00\x00\x00\x00\x00\x00@\x00\x00\x00\x00\x00\x00\x00@\x0c\x00\x00\x00\x00\x00\x00@\x00\x00\x00\x00\x00\x00\x00?\xf0\x00\x00\x00\x00\x00\x00?\xf0\x00\x00\x00\x00\x00\x00?\xf0\x00\x00\x00\x00\x00\x00'
b'\x00\x00\x00\x00\x02\x00\x00\x00\x02\x00\x00\x00\x00\x00\x00\x00\x00\x00\x00\x00\x00\x00\x00\x00\x00\x00\x00\x00\x00\x00\x00\x00\x00@\x00\x00\x00\x00\x00\x00\x00'
b'\x00\x00\x00\x00\x03\x00\x00\x00\x01\x00\x00\x00\x04@SR\x8f\\(\xf5\xc3@=\x11\xeb\x85\x1e\xb8R@SQG\xae\x14z\xe1@=O\\(\xf5\xc2\x8f@SZ\xe1G\xae\x14{@=B\x8f\\(\xf5\xc3@SR\x8f\\(\xf5\xc3@=\x11\xeb\x85\x1e\xb8R'
b'\x00\x00\x00\x00\x03\x00\x00\x00\x01\x00\x00\x00\x05\x00\x00\x00\x00\x00\x00\x00\x00\x00\x00\x00\x00\x00\x00\x00\x00\x00\x00\x00\x00\x00\x00\x00\x00@$\x00\x00\x00\x00\x00\x00@$\x00\x00\x00\x00\x00\x00@$\x00\x00\x00\x00\x00\x00@$\x00\x00\x00\x00\x00\x00\x00\x00\x00\x00\x00\x00\x00\x00\x00\x00\x00\x00\x00\x00\x00\x00\x00\x00\x00\x00\x00\x00\x00\x00'
b'\x00\x00\x00\x00\x03\x00\x00\x00\x01\x00\x00\x00\x05\x00\x00\x00\x00\x00\x00\x00\x00\x00\x00\x00\x00\x00\x00\x00\x00\x00\x00\x00\x00\x00\x00\x00\x00@\x00\x00\x00\x00\x00\x00\x00?\xf0\x00\x00\x00\x00\x00\x00@\x00\x00\x00\x00\x00\x00\x00?\xf0\x00\x00\x00\x00\x00\x00\x00\x00\x00\x00\x00\x00\x00\x00\x00\x00\x00\x00\x00\x00\x00\x00\x00\x00\x00\x00\x00\x00\x00\x00'
b'\x00\x00\x00\x00\x03\x00\x00\x00\x01\x00\x00\x00\x05\x00\x00\x00\x00\x00\x00\x00\x00\x00\x00\x00\x00\x00\x00\x00\x00\x00\x00\x00\x00\x00\x00\x00\x00@\x00\x00\x00\x00\x00\x00\x00?\xf0\x00\x00\x00\x00\x00\x00@\x00\x00\x00\x00\x00\x00\x00?\xf0\x00\x00\x00\x00\x00\x00\x00\x00\x00\x00\x00\x00\x00\x00\x00\x00\x00\x00\x00\x00\x00\x00\x00\x00\x00\x00\x00\x00\x00\x00'
b'\x00\x00\x00\x00\x03\x00\x00\x00\x01\x00\x00\x00\x05@ \x00\x00\x00\x00\x00\x00@B\x00\x00\x00\x00\x00\x00\xc0\x14\x00\x00\x00\x00\x00\x00@F\x80\x00\x00\x00\x00\x00?\xf0\x00\x00\x00\x00\x00\x00@H\x80\x00\x00\x00\x00\x00@.\x00\x00\x00\x00\x00\x00@D\x80\x00\x00\x00\x00\x00@ \x00\x00\x00\x00\x00\x00@B\x00\x00\x00\x00\x00\x00'
b'\x00\x00\x00\x00\x03\x00\x00\x00\x01\x00\x00\x00\x08@>\x00\x00\x00\x00\x00\x00@\x14\x00\x00\x00\x00\x00\x00@$\x00\x00\x00\x00\x00\x00@$\x00\x00\x00\x00\x00\x00@$\x00\x00\x00\x00\x00\x00@>\x00\x00\x00\x00\x00\x00@4\x00\x00\x00\x00\x00\x00@F\x80\x00\x00\x00\x00\x00@D\x00\x00\x00\x00\x00\x00@D\x00\x00\x00\x00\x00\x00@F\x80\x00\x00\x00\x00\x00@>\x00\x00\x00\x00\x00\x00@F\x80\x00\x00\x00\x00\x00@4\x00\x00\x00\x00\x00\x00@>\x00\x00\x00\x00\x00\x00@\x14\x00\x00\x00\x00\x00\x00'
b'\x00\x00\x00\x00\x03\x00\x00\x00\x01\x00\x00\x00\x05\x00\x00\x00\x00\x00\x00\x00\x00\x00\x00\x00\x00\x00\x00\x00\x00\x00\x00\x00\x00\x00\x00\x00\x00@$\x00\x00\x00\x00\x00\x00@$\x00\x00\x00\x00\x00\x00@$\x00\x00\x00\x00\x00\x00@$\x00\x00\x00\x00\x00\x00\x00\x00\x00\x00\x00\x00\x00\x00\x00\x00\x00\x00\x00\x00\x00\x00\x00\x00\x00\x00\x00\x00\x00\x00'
