b'\x00\x00\x00\x00\x02\x00\x00\x00\x05@>\x00\x00\x00\x00\x00\x00@$\x00\x00\x00\x00\x00\x00@D\x00\x00\x00\x00\x00\x00@D\x00\x00\x00\x00\x00\x00@4\x00\x00\x00\x00\x00\x00@D\x00\x00\x00\x00\x00\x00@$\x00\x00\x00\x00\x00\x00@4\x00\x00\x00\x00\x00\x00@>\x00\x00\x00\x00\x00\x00@$\x00\x00\x00\x00\x00\x00'
b'\x00\x00\x00\x00\x02\x00\x00\x00\x04?\xf0\x00\x00\x00\x00\x00\x00@\x00\x00\x00\x00\x00\x00\x00@\x08\x00\x00\x00\x00\x00\x00@\x10\x00\x00\x00\x00\x00\x00@\x14\x00\x00\x00\x00\x00\x00@\x18\x00\x00\x00\x00\x00\x00?\xf0\x00\x00\x00\x00\x00\x00@\x00\x00\x00\x00\x00\x00\x00'
b'\x00\x00\x00\x00\x02\x00\x00\x00\x05?\xf0\x00\x00\x00\x00\x00\x00?\xf0\x00\x00\x00\x00\x00\x00@\x08\x00\x00\x00\x00\x00\x00?\xf0\x00\x00\x00\x00\x00\x00@\x08\x00\x00\x00\x00\x00\x00@\x08\x00\x00\x00\x00\x00\x00?\xf0\x00\x00\x00\x00\x00\x00@\x08\x00\x00\x00\x00\x00\x00?\xf0\x00\x00\x00\x00\x00\x00?\xf0\x00\x00\x00\x00\x00\x00'
b'\x00\x00\x00\x00\x06\x00\x00\x00\x02\x00\x00\x00\x00\x03\x00\x00\x00\x01\x00\x00\x00\x05\x00\x00\x00\x00\x00\x00\x00\x00\x00\x00\x00\x00\x00\x00\x00\x00@\x00\x00\x00\x00\x00\x00\x00\x00\x00\x00\x00\x00\x00\x00\x00@\x00\x00\x00\x00\x00\x00\x00@\x00\x00\x00\x00\x00\x00\x00\x00\x00\x00\x00\x00\x00\x00\x00@\x00\x00\x00\x00\x00\x00\x00\x00\x00\x00\x00\x00\x00\x00\x00\x00\x00\x00\x00\x00\x00\x00\x00\x00\x00\x00\x00\x03\x00\x00\x00\x01\x00\x00\x00\x05?\xf0\x00\x00\x00\x00\x00\x00\x00\x00\x00\x00\x00\x00\x00\x00@\x08\x00\x00\x00\x00\x00\x00\x00\x00\x00\x00\x00\x00\x00\x00@\x08\x00\x00\x00\x00\x00\x00@\x00\x00\x00\x00\x00\x00\x00?\xf0\x00\x00\x00\x00\x00\x00@\x00\x00\x00\x00\x00\x00\x00?\xf0\x00\x00\x00\x00\x00\x00\x00\x00\x00\x00\x00\x00\x00\x00'
"b'\x00\x00\x00\x00\x06\x00\x00\x00\x03\x00\x00\x00\x00\x03\x00\x00\x00\x01\x00\x00\x00\x05\x00\x00\x00\x00\x00\x00\x00\x00\x00\x00\x00\x00\x00\x00\x00\x00@\x10\x00\x00\x00\x00\x00\x00\x00\x00\x00\x00\x00\x00\x00\x00@\x10\x00\x00\x00\x00\x00\x00@\x10\x00\x00\x00\x00\x00\x00\x00\x00\x00\x00\x00\x00\x00\x00@\x10\x00\x00\x00\x00\x00\x00\x00\x00\x00\x00\x00\x00\x00\x00\x00\x00\x00\x00\x00\x00\x00\x00\x00\x00\x00\x00\x03\x00\x00\x00\x01\x00\x00\x00\x05?\xf0\x00\x00\x00\x00\x00\x00@ \x00\x00\x00\x00\x00\x00@\x00\x00\x00\x00\x00\x00\x00@ \x00\x00\x00\x00\x00\x00@\x00\x00\x00\x00\x00\x00\x00@""\x00\x00\x00\x00\x00\x00?\xf0\x00\x00\x00\x00\x00\x00@""\x00\x00\x00\x00\x00\x00?\xf0\x00\x00\x00\x00\x00\x00@ \x00\x00\x00\x00\x00\x00\x00\x00\x00\x00\x03\x00\x00\x00\x02\x00\x00\x00\x05@\x18\x00\x00\x00\x00\x00\x00@\x18\x00\x00\x00\x00\x00\x00@\x18\x00\x00\x00\x00\x00\x00@(\x00\x00\x00\x00\x00\x00@(\x00\x00\x00\x00\x00\x00@(\x00\x00\x00\x00\x00\x00@(\x00\x00\x00\x00\x00\x00@\x18\x00\x00\x00\x00\x00\x00@\x18\x00\x00\x00\x00\x00\x00@\x18\x00\x00\x00\x00\x00\x00\x00\x00\x00\x05@\x1c\x00\x00\x00\x00\x00\x00@\x1c\x00\x00\x00\x00\x00\x00@\x1c\x00\x00\x00\x00\x00\x00@ \x00\x00\x00\x00\x00\x00@ \x00\x00\x00\x00\x00\x00@ \x00\x00\x00\x00\x00\x00@ \x00\x00\x00\x00\x00\x00@\x1c\x00\x00\x00\x00\x00\x00@\x1c\x00\x00\x00\x00\x00\x00@\x1c\x00\x00\x00\x00\x00\x00'"
