0.0
96.34413615167958
8.0
6.446461113496085
2.0
0.6291630632486939
0.0
0.0
0.0
0.0
0.0
1.6745
4.242640687119286
4.242640687119286
0.0
0.0
0.0
2.414213562373095
4.650281539872885
7.0990195135927845
6.0990195135927845
7.211102550927978
4.0
17.65685424949238
13.65685424949238
10.625316113301073
14.625316113301073
0.0
0.0
0.0
0.0
0.0
